2025-11-11 10:07:21,406 - INFO - [base_agent:run_agent:93] - ================================ Human Message =================================

My server is actually unresponsive, do you have any ideas?
2025-11-11 10:07:47,610 - INFO - [base_agent:run_agent:93] - ================================== Ai Message ==================================

Here’s a concise, practical troubleshooting checklist you can run through now. I won’t assume what access you have — pick the steps that match your environment (physical, remote, cloud, VM).

Immediate checks (fast, high-value)
- Check power and indicators: verify server LEDs, PSU, and UPS status. If on UPS, confirm it’s on and not in bypass or battery-depleted state.
- Check network connectivity from another host:
  - ping <server-ip>
  - traceroute <server-ip>
  - nc -vz <server-ip> <port> (e.g., 22 for SSH, 80 for web)
- Try management console access if available (IPMI / iLO / DRAC / cloud serial console). That can show kernel panic/boot stalls even when network is down.

Remote-access tests and interpretation
- SSH connection attempts:
  - ssh -vvv user@server-ip (verbose to see where it fails)
  - If connection times out: network or host down.
  - If connection is refused: SSH service down or firewall blocking.
- Check whether only certain services are affected:
  - curl -I http://server-ip:80 or nc -vz server-ip 80
  - If some ports respond, the host OS is likely up but the service may be stuck.

If you have out-of-band management (recommended)
- IPMI / iLO / DRAC commands:
  - ipmitool -I lanplus -H <ipmi-ip> -U <user> -P <pass> chassis power status
  - ipmitool ... chassis power reset  (do a remote reset if OS unreachable)
  - Use the remote console to view POST/boot messages and panic logs.
- For cloud providers, open the serial/console or enable rescue mode from the provider UI.

Quick OS-side diagnostics (run if you can SSH or via console)
- Check recent kernel logs and boot messages:
  - sudo journalctl -b -1 -e
  - sudo dmesg | tail -n 200
  - sudo journalctl -xe
- Check systemd services and resource usage:
  - sudo systemctl status sshd nginx (replace with your services)
  - top or htop, ps aux --sort=-%cpu
  - free -m
  - df -h (look for full filesystems; a full root can make the system unresponsive)
- Check disk health and I/O stalls:
  - iostat -x 1 5 (if iostat installed) or sudo iotop
  - sudo smartctl -a /dev/sda
  - dmesg | grep -i error
- Network interface status:
  - ip addr show
  - ethtool eth0 (link, speed)
  - ip route show
- Check for kernel panics or OOM:
  - grep -i oom /var/log/syslog or journalctl | grep -i oom
  - dmesg | grep -i panic

If you cannot access the OS (no SSH, no management console)
- Attempt a graceful reboot via IPMI/host control or provider UI (soft reset first).
- If soft reset fails, perform a power cycle (hard reboot) via BMC or power distribution unit.
- For cloud VMs, use provider “reboot” or “reset” console option or mount rescue image.

Virtualization-specific checks
- On the host/hypervisor:
  - virsh list --all or xl list or check vSphere console
  - Verify host resource exhaustion (CPU steal, host reboot)
  - Check VM console for guest hang or kernel panic

When rebooting (safe sequence)
- Try graceful reboot: sudo systemctl reboot or sudo shutdown -r now
- If unreachable for >5 minutes and console shows no activity: remote power cycle via management interface
- If filesystem corruption suspected: boot into rescue mode and run fsck on unmounted partitions

Recovery and post-recovery actions
- After recovery, collect logs for root cause:
  - journalctl -b -1 > /root/reboot_logs.txt
  - /var/log/messages, /var/log/syslog, application logs
- Verify services and health checks; restart application stacks if needed.
- Check backups and snapshots; verify data integrity if corruption suspected.
- Implement or review monitoring and alerting (ping/ICMP, service ports, host metrics) and set automated action for future outages.
- If hardware fault suspected (repeated hangs, SMART failures), schedule maintenance and migrate workloads.

If the server is hosting critical services
- Consider failover: switch traffic to standby node or restore from last known good snapshot.
- If in cloud, create images/snapshots for fast redeploy.

When to escalate
- Console shows hardware POST errors, RAID/controller errors, repeated SMART failures, or PSU failures — involve datacenter/hosting support and schedule a hardware replacement.
- If you see indications of security breach (unexpected reboots, suspicious processes, unknown users, unexpected outbound traffic) isolate the machine from network and follow incident response.

Useful commands summary (Linux)
- ping <ip>, traceroute <ip>
- ssh -vvv user@ip
- nc -vz ip port
- sudo journalctl -xe
- sudo dmesg | tail -n 200
- top, free -m, df -h, iostat -x 1 5
- ip addr show, ip route show, ethtool eth0
- sudo smartctl -a /dev/sdX
- ipmitool -I lanplus -H <bmc-ip> -U <user> -P <pass> chassis power status/reset/cycle

If you want, I can:
- provide tailored command snippets for your OS (Linux/Windows) or hypervisor,
- suggest exactly which logs to gather given your server type,
- or, if you confirm what remote management interfaces you have (IPMI/iLO/DRAC/cloud), give exact IPMI or cloud-console steps to safely power cycle and collect console output.

(No further action will be taken until you instruct me which environment/tools you have or to run specific commands.)
2025-11-11 10:07:47,752 - ERROR - [test_entry:process_testcases:170] - 执行Agent [privacyAgent] 时发生异常：
异常类型：ValueError
异常消息：加密文本格式错误，需符合 'IV_base64:密文_base64'
完整堆栈跟踪：
Traceback (most recent call last):
  File "F:\PyCharm\langchain_test\agent_project\agentcore\smart_home_agent\privacy_handler.py", line 144, in decode
    iv_b64, ciphertext_b64 = encrypted_text.split(':')
ValueError: too many values to unpack (expected 2)

During handling of the above exception, another exception occurred:

Traceback (most recent call last):
  File "F:\PyCharm\langchain_test\agent_project\agentcore\smart_home_agent\test_with_baselines\test_entry.py", line 163, in process_testcases
    privacy_home_agent(question)
  File "F:\PyCharm\langchain_test\agent_project\agentcore\smart_home_agent\smart_home_agent_entry.py", line 69, in privacy_home_agent
    decode_str = replace_encoded_text(encode_str)
  File "F:\PyCharm\langchain_test\agent_project\agentcore\smart_home_agent\privacy_handler.py", line 30, in replace_encoded_text
    return re.sub(pattern, lambda m: PRIVACYHANDLER.decode(m.group().strip('@')), text)
  File "D:\anaconda\envs\langchain_learning\lib\re.py", line 209, in sub
    return _compile(pattern, flags).sub(repl, string, count)
  File "F:\PyCharm\langchain_test\agent_project\agentcore\smart_home_agent\privacy_handler.py", line 30, in <lambda>
    return re.sub(pattern, lambda m: PRIVACYHANDLER.decode(m.group().strip('@')), text)
  File "F:\PyCharm\langchain_test\agent_project\agentcore\smart_home_agent\privacy_handler.py", line 146, in decode
    raise ValueError("加密文本格式错误，需符合 'IV_base64:密文_base64'")
ValueError: 加密文本格式错误，需符合 'IV_base64:密文_base64'

2025-11-11 10:07:47,836 - INFO - [test_entry:process_testcases:181] - {'累计输入 token': 4915579, '累计输出 token': 325565, '累计总 token': 5241144}
2025-11-11 10:07:47,836 - INFO - [test_entry:process_testcases:183] - 
Agent运行一次的资源统计结果：
2025-11-11 10:07:47,836 - INFO - [test_entry:process_testcases:184] - 总运行时间：26.43秒
2025-11-11 10:07:47,836 - INFO - [test_entry:process_testcases:185] - 内存峰值：118.74MB
2025-11-11 10:07:47,836 - INFO - [test_entry:process_testcases:186] - 内存平均值：117.80MB
2025-11-11 10:07:47,836 - INFO - [test_entry:process_testcases:187] - CPU使用率峰值：14.30%
2025-11-11 10:07:47,836 - INFO - [test_entry:process_testcases:188] - CPU使用率平均值：0.12%
