2025-11-11 18:58:56,367 - INFO - [base_agent:run_agent:93] - ================================ Human Message =================================

My server is actually unresponsive, do you have any ideas?
2025-11-11 18:59:19,024 - INFO - [base_agent:run_agent:93] - ================================== Ai Message ==================================

Below are practical, non-interactive steps you can follow immediately to diagnose and (if safe) recover an unresponsive server. Follow them in order of priority and only perform actions you’re authorized to do.

Quick physical & network checks
- Verify power: ensure the server’s power LED is lit and power cables are seated. If using a PDU, check its status.
- Check network lights: confirm the server NIC link/activity LEDs on the server and the switch are active.
- Confirm upstream status: check your switch/router for port/state of the server’s port and any obvious errors.

Remote reachability tests (from another machine on the same network)
- Ping: ping <server-ip> to see if it responds.
- Traceroute/mtr: run traceroute <server-ip> or mtr <server-ip> to find where traffic stops.
- Port checks: use nc -vz <server-ip> 22 (or whatever port) to test SSH/service ports.
- From a management host, try ssh -v user@<server-ip> to get verbose SSH connection info.

Out-of-band management (if available)
- Use the server’s BMC/iDRAC/iLO/IPMI to check hardware status, console, and power state.
- Example IPMI commands (if management access exists): ipmitool -I lanplus -H <bmc-ip> -U <user> -P <pass> chassis power status
- If BMC console shows OS hung, use the BMC to gracefully reboot or capture the remote console output before rebooting.

If you have shell access (read-only if possible)
- Check system responsiveness: top, uptime, load average.
- Check logs: journalctl -xe, tail -n 200 /var/log/syslog or /var/log/messages, dmesg | tail -n 100.
- Check disk space and inodes: df -h and df -i.
- Check memory: free -m.
- Check listening services and network: ss -tulpn or netstat -tulpn.
- Check recent kernel or hardware errors: dmesg | egrep -i 'fail|error|fatal|ext4|ata|nvme|i8042' (adjust filters carefully).

If you cannot log in but can get logs via remote console or rescue mode
- Export important logs and diagnostics to a safe location (scp user@server:/var/log/syslog ./) before rebooting if possible.
- If storage appears degraded (RAID SMART issues), run smartctl -a /dev/sdX to see disk health.

Safe restart approaches
- Graceful reboot (preferred when you can run commands): sudo systemctl reboot or sudo shutdown -r now.
- If unresponsive to soft commands but BMC available: use BMC to perform a graceful power cycle first; only force power off/power on if graceful commands fail.
- When using ipmitool for power cycle: ipmitool chassis power cycle

When to avoid immediate reboot
- If the server is running critical write-heavy operations or there’s evidence of filesystem corruption, avoid hard power cycles without preserving logs and snapshots.
- If you can snapshot or back up critical data remotely, do so prior to reboot.

If hardware failure suspected
- Listen for unusual noises (clicking disks, abnormal fans) if physical access is possible.
- Check RAID controller status and controllers’ logs.
- Replace failing PSU/HDD/fan per vendor instructions and keep server logs and timestamps for diagnostics.

Cloud or hosted servers
- Check provider status page for outages or maintenance.
- Use provider console to view instance status, serial console, and reboot/rescue mode options.
- Consider launching a temporary instance and attaching the server disk (or snapshot) to investigate.

If you must preserve evidence
- Don’t power-cycle if you need forensics; collect logs and snapshots where possible and escalate to your incident response team.

Preventive / next steps after recovery
- Review logs to identify root cause.
- Patch OS and firmware (BMC, BIOS, NIC firmware) if a bug is implicated.
- Add or tune monitoring/alerts (ping, process, disk, SMART, temperature).
- Implement automated snapshots/backups and a tested runbook for reboots/DR.

If recovery fails
- Use out-of-band management console or physical access to gather console output and hardware LED codes, and contact vendor or hosting support with that data.

Commands reference (replace placeholders with real addresses/users)
- ping <server-ip>
- traceroute <server-ip> or mtr <server-ip>
- ssh -v user@<server-ip>
- sudo systemctl status, sudo systemctl reboot
- journalctl -xe
- tail -n 200 /var/log/syslog
- dmesg | tail -n 100
- df -h; free -m; ss -tulpn
- smartctl -a /dev/sdX
- ipmitool -I lanplus -H <bmc-ip> -U <user> -P <pass> chassis power status
- ipmitool chassis power cycle

I’ve given a prioritized checklist and concrete commands you can run immediately. If you want me to attempt any specific remote checks or operations and you have device access configured through this smart home ecosystem, specify the exact task (for example, "check reachability of 10.0.0.5" or "power cycle server via BMC") and I will execute it.
2025-11-11 18:59:19,026 - ERROR - [test_entry:process_testcases:170] - 执行Agent [privacyAgent] 时发生异常：
异常类型：ValueError
异常消息：加密文本格式错误，需符合 'IV_base64:密文_base64'
完整堆栈跟踪：
Traceback (most recent call last):
  File "F:\PyCharm\langchain_test\agent_project\agentcore\smart_home_agent\privacy_handler.py", line 144, in decode
    iv_b64, ciphertext_b64 = encrypted_text.split(':')
ValueError: too many values to unpack (expected 2)

During handling of the above exception, another exception occurred:

Traceback (most recent call last):
  File "F:\PyCharm\langchain_test\agent_project\agentcore\smart_home_agent\test_with_baselines\test_entry.py", line 163, in process_testcases
    privacy_home_agent(question)
  File "F:\PyCharm\langchain_test\agent_project\agentcore\smart_home_agent\smart_home_agent_entry.py", line 69, in privacy_home_agent
    decode_str = replace_encoded_text(encode_str)
  File "F:\PyCharm\langchain_test\agent_project\agentcore\smart_home_agent\privacy_handler.py", line 30, in replace_encoded_text
    return re.sub(pattern, lambda m: PRIVACYHANDLER.decode(m.group().strip('@')), text)
  File "D:\anaconda\envs\langchain_learning\lib\re.py", line 209, in sub
    return _compile(pattern, flags).sub(repl, string, count)
  File "F:\PyCharm\langchain_test\agent_project\agentcore\smart_home_agent\privacy_handler.py", line 30, in <lambda>
    return re.sub(pattern, lambda m: PRIVACYHANDLER.decode(m.group().strip('@')), text)
  File "F:\PyCharm\langchain_test\agent_project\agentcore\smart_home_agent\privacy_handler.py", line 146, in decode
    raise ValueError("加密文本格式错误，需符合 'IV_base64:密文_base64'")
ValueError: 加密文本格式错误，需符合 'IV_base64:密文_base64'

2025-11-11 18:59:19,114 - INFO - [test_entry:process_testcases:181] - {'累计输入 token': 10221880, '累计输出 token': 444629, '累计总 token': 10666509}
2025-11-11 18:59:19,114 - INFO - [test_entry:process_testcases:183] - 
Agent运行一次的资源统计结果：
2025-11-11 18:59:19,115 - INFO - [test_entry:process_testcases:184] - 总运行时间：22.76秒
2025-11-11 18:59:19,115 - INFO - [test_entry:process_testcases:185] - 内存峰值：126.62MB
2025-11-11 18:59:19,115 - INFO - [test_entry:process_testcases:186] - 内存平均值：125.79MB
2025-11-11 18:59:19,115 - INFO - [test_entry:process_testcases:187] - CPU使用率峰值：16.60%
2025-11-11 18:59:19,115 - INFO - [test_entry:process_testcases:188] - CPU使用率平均值：0.15%
